<html>
<body>
<pre>
<h1>µVision Build Log</h1>
<h2>Tool Versions:</h2>
IDE-Version: £gVision V5.37.0.0
Copyright (C) 2022 ARM Ltd and ARM Germany GmbH. All rights reserved.
License Information: Yi-Ching Chen, Nuvoton, LIC=Z6FR7-YADE7-FKNBA-ENPZT-YXSRG-4LU7E
 
Tool Versions:
Toolchain:       MDK-ARM Community  Version: 5.37.0.0
Toolchain Path:  C:\Keil_v5\ARM\ARMCC\Bin
C Compiler:      Armcc.exe V5.06 update 7 (build 960)
Assembler:       Armasm.exe V5.06 update 7 (build 960)
Linker/Locator:  ArmLink.exe V5.06 update 7 (build 960)
Library Manager: ArmAr.exe V5.06 update 7 (build 960)
Hex Converter:   FromElf.exe V5.06 update 7 (build 960)
CPU DLL:         SARMCM3.DLL V5.37.0.0
Dialog DLL:      DARMCM1.DLL V1.19.6.0
Target DLL:      NULink\Nu_Link.dll V3.10
Dialog DLL:      TARMCM1.DLL V1.14.6.0
 
<h2>Project:</h2>
C:\Git\M058S\bsp\SampleCode\RegBased\SYS_PowerDown_MinCurrent\KEIL\SYS_PowerDown_MinCurrent.uvproj
Project File Date:  02/06/2023

<h2>Output:</h2>
*** Using Compiler 'V5.06 update 7 (build 960)', folder: 'C:\Keil_v5\ARM\ARMCC\Bin'
Build target 'SYS_PowerDown_MinCurrent'
creating preprocessor file for main.c...
creating preprocessor file for system_M058S.c...
creating preprocessor file for retarget.c...
compiling main.c...
linking...
Program Size: Code=2276 RO-data=1016 RW-data=16 ZI-data=512  
After Build - User command #1: fromelf --bin ".\obj\SYS_PowerDown_MinCurrent.axf" --output ".\obj\SYS_PowerDown_MinCurrent.bin"
After Build - User command #2: fromelf --text -c ".\obj\SYS_PowerDown_MinCurrent.axf" --output ".\obj\SYS_PowerDown_MinCurrent.txt"
".\obj\SYS_PowerDown_MinCurrent.axf" - 0 Error(s), 0 Warning(s).
Build Time Elapsed:  00:00:02
</pre>
</body>
</html>
